// Jest Snapshot v1, https://goo.gl/fbAQLP

exports[`Filter menu component Filter menu is correctly rendered 1`] = `null`;
