// Jest Snapshot v1, https://goo.gl/fbAQLP

exports[`Grid component simple rendering snapshot 1`] = `
<div
  class="o-grid o-two-columns"
  tabindex="-1"
>
  <div
    class="o-grid-overlay"
    style="
      top: 26px;
      left: 48px;
      height: calc(100% - 41px);
      width: calc(100% - 63px);
    "
  >
    <!-- TODO remove sidePanelIsOpen props. It is wrong.
      If you have a CF sidepanel open, selecting a figure should
      not open the figure side panel -->
    <div>

    </div>

  </div>

  <div
    class="o-overlay"
  >
    <div
      class="o-col-resizer"
    >





    </div>

    <div
      class="o-row-resizer"
    >





    </div>

    <div
      class="all"
    />
  </div>


  <input
    class="position-absolute"
    style="z-index:-1000;"
  />
  <canvas
    height="1011"
    style="width:1033px;height:1011px;"
    width="1033"
  />




  <div
    class="o-autofill"
    style="top:45px;left:140px"
  >
    <div
      class="o-autofill-handler"
      style="top:0px;left:0px;"
    />

  </div>






  <div
    class="o-scrollbar vertical"
    style="
top: 26px;
right: 0px;
bottom: 15px;
"
  >
    <div
      style="
width: 1px;
height: 2328px;
"
    />
  </div>

  <div
    class="o-scrollbar horizontal"
    style="
left: 48px;
bottom: 0px;
right: 15px;
"
  >
    <div
      style="
width: 2592px;
height: 1px;
"
    />
  </div>

  <div
    class="o-scrollbar corner"
  />
</div>
`;

exports[`error tooltip can display error tooltip 1`] = `
<div
  class="o-popover"
  style="max-height: 934px; max-width: 970px; top: 187px; left: 336px;"
>
  <div
    class="o-error-tooltip"
  >
    The divisor must be different from zero.
  </div>
</div>
`;
